// Jest Snapshot v1, https://goo.gl/fbAQLP

exports[`Ec2BasicL2Stack matches the snapshot 1`] = `
{
  "Parameters": {
    "BootstrapVersion": {
      "Default": "/cdk-bootstrap/hnb659fds/version",
      "Description": "Version of the CDK Bootstrap resources in this environment, automatically retrieved from SSM Parameter Store. [cdk:skip]",
      "Type": "AWS::SSM::Parameter::Value<String>",
    },
    "SsmParameterValueawsserviceamiamazonlinuxlatestal2023amikernel61x8664C96584B6F00A464EAD1953AFF4B05118Parameter": {
      "Default": "/aws/service/ami-amazon-linux-latest/al2023-ami-kernel-6.1-x86_64",
      "Type": "AWS::SSM::Parameter::Value<AWS::EC2::Image::Id>",
    },
  },
  "Resources": {
    "basicec2instance22C2FE43": {
      "DependsOn": [
        "basicec2instanceInstanceRole645DB2BC",
      ],
      "Properties": {
        "AvailabilityZone": "dummy1a",
        "IamInstanceProfile": {
          "Ref": "basicec2instanceInstanceProfileC9C3E1E3",
        },
        "ImageId": {
          "Ref": "SsmParameterValueawsserviceamiamazonlinuxlatestal2023amikernel61x8664C96584B6F00A464EAD1953AFF4B05118Parameter",
        },
        "InstanceType": "t2.micro",
        "LaunchTemplate": {
          "LaunchTemplateName": "basic-ec2-instanceLaunchTemplate",
          "Version": {
            "Fn::GetAtt": [
              "basicec2instanceLaunchTemplate60453901",
              "LatestVersionNumber",
            ],
          },
        },
        "SecurityGroupIds": [
          {
            "Fn::GetAtt": [
              "ec2basicsgl211C122C1",
              "GroupId",
            ],
          },
        ],
        "SubnetId": "p-12345",
        "Tags": [
          {
            "Key": "Name",
            "Value": "cdk-basic-ec2-instance",
          },
        ],
        "UserData": {
          "Fn::Base64": "#!/bin/bash
# Use this for your user data (script from top to bottom)
# install httpd (Linux 2 version)
yum update -y
yum install -y httpd
systemctl start httpd
systemctl enable httpd
echo "<h1>Hello World from $(hostname -f)</h1>" > /var/www/html/index.html",
        },
      },
      "Type": "AWS::EC2::Instance",
    },
    "basicec2instanceInstanceProfileC9C3E1E3": {
      "Properties": {
        "Roles": [
          {
            "Ref": "basicec2instanceInstanceRole645DB2BC",
          },
        ],
      },
      "Type": "AWS::IAM::InstanceProfile",
    },
    "basicec2instanceInstanceRole645DB2BC": {
      "Properties": {
        "AssumeRolePolicyDocument": {
          "Statement": [
            {
              "Action": "sts:AssumeRole",
              "Effect": "Allow",
              "Principal": {
                "Service": "ec2.amazonaws.com",
              },
            },
          ],
          "Version": "2012-10-17",
        },
        "Tags": [
          {
            "Key": "Name",
            "Value": "cdk-basic-ec2-instance",
          },
        ],
      },
      "Type": "AWS::IAM::Role",
    },
    "basicec2instanceLaunchTemplate60453901": {
      "Properties": {
        "LaunchTemplateData": {
          "MetadataOptions": {
            "HttpTokens": "required",
          },
        },
        "LaunchTemplateName": "basic-ec2-instanceLaunchTemplate",
      },
      "Type": "AWS::EC2::LaunchTemplate",
    },
    "ec2basicsgl211C122C1": {
      "Properties": {
        "GroupDescription": "Ec2BasicL2Stack/ec2-basic-sg-l2",
        "GroupName": "ec2-basic-sg-l2",
        "SecurityGroupEgress": [
          {
            "CidrIp": "0.0.0.0/0",
            "Description": "Allow all outbound traffic by default",
            "IpProtocol": "-1",
          },
        ],
        "SecurityGroupIngress": [
          {
            "CidrIp": "0.0.0.0/0",
            "Description": "allow inbound http from anywhere",
            "FromPort": 80,
            "IpProtocol": "tcp",
            "ToPort": 80,
          },
        ],
        "VpcId": "vpc-12345",
      },
      "Type": "AWS::EC2::SecurityGroup",
    },
  },
  "Rules": {
    "CheckBootstrapVersion": {
      "Assertions": [
        {
          "Assert": {
            "Fn::Not": [
              {
                "Fn::Contains": [
                  [
                    "1",
                    "2",
                    "3",
                    "4",
                    "5",
                  ],
                  {
                    "Ref": "BootstrapVersion",
                  },
                ],
              },
            ],
          },
          "AssertDescription": "CDK bootstrap stack version 6 required. Please run 'cdk bootstrap' with a recent version of the CDK CLI.",
        },
      ],
    },
  },
}
`;
